parent:
  name: Alice
  key: key Alice
  name2: Alice
  key2: key2 Alice
son1:
  name: Son1
  key: key Son1
  name2: Alice
  key2: key2 Alice
son2:
  name: Son2tempA
  key: key Son2tempA
  name2: Son2
  key2: key2 Son2
son3:
  name: Son3tempB
  key: key Son3tempB
  name2: Son2
  key2: key2 Son2
son4:
  name: Son4tempAtempB
  key: key Son4tempAtempB
  name2: Son4
  key2: key2 Son4
