outer:
  p: 100
  item:
    p: 101
    q: 102
  after: 100
top:
  a: 10
  mid:
    a: 11
    nested:
      a: 50
      b: 50
    c: 11
rebind_outer:
  x:
  - 1
  - 2
  item:
    x: hello
    'y': hello
dict_outer:
  config:
    super_users:
    - alice
    - bob
  before:
    authorization:
      superUsers:
      - alice
      - bob
    config:
      num.threads: '8'
  after:
    config:
      num.threads: '8'
    authorization:
      superUsers:
      - alice
      - bob
