---
source: tools/src/LSP/src/goto_def.rs
expression: "format!(\"{:?}\",\n    {\n        let (file, _program, _, gs) =\n        compile_test_file(\"src/test_data/goto_def_test/goto_identifier_def_test/goto_identifier_def_test.k\");\n        let pos = KCLPos\n        { filename : file.clone(), line : 8, column : Some(6), }; let res =\n        goto_def(& pos, & gs); fmt_resp(& res)\n    })"
---
"path: \"src/test_data/goto_def_test/goto_identifier_def_test/goto_identifier_def_test.k\", range: Range { start: Position { line: 2, character: 0 }, end: Position { line: 2, character: 1 } }"
