---
source: tools/src/LSP/src/goto_def.rs
expression: "format!(\"{:?}\",\n    {\n        let (file, _program, _, gs) =\n        compile_test_file(\"src/test_data/goto_def_test/goto_schema_attr_ty_def_test/goto_schema_attr_ty_def_test.k\");\n        let pos = KCLPos\n        { filename : file.clone(), line : 5, column : Some(15), }; let res =\n        goto_def(& pos, & gs); fmt_resp(& res)\n    })"
---
"path: \"src/test_data/goto_def_test/pkg/schema_def.k\", range: Range { start: Position { line: 0, character: 7 }, end: Position { line: 0, character: 13 } }"
