---
source: tools/src/LSP/src/semantic_token.rs
expression: "format!(\"{:?}\", get)"
---
[(0, 15, 1, 3), (1, 5, 3, 4), (1, 7, 7, 1), (1, 4, 4, 2), (2, 0, 2, 0), (0, 4, 7, 1), (0, 10, 7, 1), (1, 4, 4, 2), (2, 0, 1, 0), (0, 3, 3, 4), (2, 0, 4, 8), (0, 14, 1, 0), (1, 4, 1, 0), (3, 0, 1, 0), (0, 4, 4, 8), (1, 0, 1, 0), (0, 4, 4, 8), (0, 5, 1, 0), (2, 7, 8, 1), (1, 5, 4, 0)]
