---
source: tools/src/LSP/src/find_refs.rs
expression: "format!(\"{}\", { fmt_resp(& res) })"
---
path: "src/test_data/find_refs_test/main.k", range: Range { start: Position { line: 5, character: 4 }, end: Position { line: 5, character: 8 } }
path: "src/test_data/find_refs_test/main.k", range: Range { start: Position { line: 12, character: 8 }, end: Position { line: 12, character: 12 } }
