---
source: tools/src/LSP/src/goto_def.rs
expression: "format!(\"{:?}\", { fmt_resp(& res) })"
---
"path: \"src/test_data/goto_def_test/goto_var_def_in_dict_comp_test/goto_var_def_in_dict_comp_test.k\", range: Range { start: Position { line: 4, character: 143 }, end: Position { line: 4, character: 145 } }"
