---
source: tools/src/LSP/src/goto_def.rs
expression: "format!(\"{:?}\",\n    {\n        let (file, _program, _, gs) =\n        compile_test_file(\"src/test_data/goto_def_test/goto_var_def_in_config_and_config_if_test/goto_var_def_in_config_and_config_if_test.k\");\n        let pos = KCLPos\n        { filename : file.clone(), line : 4, column : Some(11), }; let res =\n        goto_def(& pos, & gs); fmt_resp(& res)\n    })"
---
"path: \"src/test_data/goto_def_test/goto_var_def_in_config_and_config_if_test/goto_var_def_in_config_and_config_if_test.k\", range: Range { start: Position { line: 10, character: 6 }, end: Position { line: 10, character: 10 } }"
