---
source: tools/src/LSP/src/goto_def.rs
expression: "format!(\"{:?}\",\n    {\n        let (file, _program, _, gs) =\n        compile_test_file(\"src/test_data/goto_def_test/config_desuger_def_goto_def/config_desuger_def_goto_def.k\");\n        let pos = KCLPos\n        { filename : file.clone(), line : 7, column : Some(9), }; let res =\n        goto_def(& pos, & gs); fmt_resp(& res)\n    })"
---
"path: \"src/test_data/goto_def_test/config_desuger_def_goto_def/config_desuger_def_goto_def.k\", range: Range { start: Position { line: 0, character: 7 }, end: Position { line: 0, character: 13 } }"
