alice:
  labels:
    diligent: 'true'
  mathematics:
    versions:
    - '1'
    - '2'
    - '3'
  art:
    labels:
      talent: required
    major: false
    credit: 4
  subjects:
  - name: mathematics
    credit: 5
    major: true
    labels:
      diligent: 'true'
    versions:
    - '1'
    - '2'
    - '3'
  - name: art
    credit: 4
    major: false
    labels:
      talent: required
    versions:
    - '1'
    - '2'