apiVersion: v1
kind: Deployment
metadata:
  name: model1
  labels:
    key1: value1
    key2: value2
  annotations:
    key: value
spec:
  minReadySeconds: 0
  paused: false
  progressDeadlineSeconds: 600
  replicas: 2
  revisionHistoryLimit: 10
  selector:
    matchLabels:
      key1: value1
      key2: value2
---
apiVersion: v1
kind: Deployment
metadata:
  name: model2
  labels: null
  annotations: null
spec:
  minReadySeconds: 0
  paused: false
  progressDeadlineSeconds: 600
  replicas: 3
  revisionHistoryLimit: 10
  selector:
    matchLabels: null
