---
source: tools/src/vet/tests.rs
expression: got_ast_json_str
---
{
  "column": 0,
  "end_column": 1,
  "end_line": 3,
  "filename": "",
  "line": 1,
  "node": {
    "args": [],
    "config": {
      "column": 0,
      "end_column": 1,
      "end_line": 3,
      "filename": "",
      "line": 1,
      "node": {
        "items": [
          {
            "column": 0,
            "end_column": 1,
            "end_line": 3,
            "filename": "",
            "line": 1,
            "node": {
              "insert_index": -1,
              "key": {
                "column": 4,
                "end_column": 10,
                "end_line": 2,
                "filename": "",
                "line": 2,
                "node": {
                  "is_long_string": false,
                  "raw_value": "\"flag\"",
                  "type": "StringLit",
                  "value": "flag"
                }
              },
              "operation": "Union",
              "value": {
                "column": 12,
                "end_column": 16,
                "end_line": 2,
                "filename": "",
                "line": 2,
                "node": {
                  "type": "NameConstantLit",
                  "value": "True"
                }
              }
            }
          }
        ],
        "type": "Config"
      }
    },
    "kwargs": [],
    "name": {
      "column": 0,
      "end_column": 1,
      "end_line": 3,
      "filename": "",
      "line": 1,
      "node": {
        "ctx": "Load",
        "names": [
          {
            "column": 0,
            "end_column": 1,
            "end_line": 3,
            "filename": "",
            "line": 1,
            "node": "only_with_bool"
          }
        ],
        "pkgpath": ""
      }
    },
    "type": "Schema"
  }
}
