---
source: parser/src/tests/error_recovery.rs
assertion_line: 11
expression: "crate::tests::parsing_expr_string(\"r'abc\\n\")"
---
Node {
    node: StringLit(
        StringLit {
            is_long_string: false,
            raw_value: "r'abc",
            value: "abc",
        },
    ),
    filename: "",
    line: 1,
    column: 0,
    end_line: 1,
    end_column: 5,
}

