---
source: parser/src/tests/error_recovery.rs
assertion_line: 99
expression: "crate::tests::parsing_expr_string(r#\"a.b.c.\"#)"
---
Node {
    node: Identifier(
        Identifier {
            names: [
                "a",
                "b",
                "c",
                "",
            ],
            pkgpath: "",
            ctx: Load,
        },
    ),
    filename: "",
    line: 1,
    column: 0,
    end_line: 1,
    end_column: 6,
}

