---
source: parser/src/tests/expr.rs
expression: "crate::tests::parsing_expr_string(r####\"{}[[]\"####)"
---
Node {
    node: Subscript(
        Subscript {
            value: Node {
                node: Config(
                    ConfigExpr {
                        items: [],
                    },
                ),
                filename: "",
                line: 1,
                column: 0,
                end_line: 1,
                end_column: 2,
            },
            index: Some(
                Node {
                    node: Missing(
                        MissingExpr,
                    ),
                    filename: "",
                    line: 1,
                    column: 5,
                    end_line: 1,
                    end_column: 5,
                },
            ),
            lower: None,
            upper: None,
            step: None,
            ctx: Load,
            has_question: false,
        },
    ),
    filename: "",
    line: 1,
    column: 0,
    end_line: 1,
    end_column: 5,
}
