---
source: parser/src/tests/error_recovery.rs
expression: "crate::tests::parsing_expr_string(r#\"'${a: json}'\"#)"
---
Node {
    node: JoinedString(
        JoinedString {
            is_long_string: false,
            values: [
                Node {
                    node: FormattedValue(
                        FormattedValue {
                            is_long_string: false,
                            value: Node {
                                node: Identifier(
                                    Identifier {
                                        names: [
                                            Node {
                                                node: "a",
                                                filename: "",
                                                line: 1,
                                                column: 3,
                                                end_line: 1,
                                                end_column: 4,
                                            },
                                        ],
                                        pkgpath: "",
                                        ctx: Load,
                                    },
                                ),
                                filename: "",
                                line: 1,
                                column: 3,
                                end_line: 1,
                                end_column: 4,
                            },
                            format_spec: None,
                        },
                    ),
                    filename: "",
                    line: 1,
                    column: 3,
                    end_line: 1,
                    end_column: 10,
                },
            ],
            raw_value: "'${a: json}'",
        },
    ),
    filename: "",
    line: 1,
    column: 0,
    end_line: 1,
    end_column: 12,
}

