---
source: parser/src/tests/error_recovery.rs
assertion_line: 161
expression: "crate::tests::parsing_expr_string(r#\"lambda\"#)"
---
Node {
    node: Lambda(
        LambdaExpr {
            args: Some(
                Node {
                    node: Arguments {
                        args: [],
                        defaults: [],
                        ty_list: [],
                    },
                    filename: "",
                    line: 1,
                    column: 6,
                    end_line: 1,
                    end_column: 6,
                },
            ),
            body: [],
            return_ty: None,
        },
    ),
    filename: "",
    line: 1,
    column: 0,
    end_line: 1,
    end_column: 6,
}

