---
source: parser/src/tests/file.rs
expression: "crate::tests::parsing_file_string(\"testdata/config_expr-03.k\")"
---
{
  "filename": "config_expr-03.k",
  "pkg": "__main__",
  "doc": null,
  "name": "__main__",
  "body": [
    {
      "node": {
        "type": "Assign",
        "targets": [
          {
            "node": {
              "names": [
                {
                  "node": "config",
                  "filename": "config_expr-03.k",
                  "line": 3,
                  "column": 0,
                  "end_line": 3,
                  "end_column": 6
                }
              ],
              "pkgpath": "",
              "ctx": "Store"
            },
            "filename": "config_expr-03.k",
            "line": 3,
            "column": 0,
            "end_line": 3,
            "end_column": 6
          }
        ],
        "value": {
          "node": {
            "type": "Config",
            "items": [
              {
                "node": {
                  "key": {
                    "node": {
                      "type": "Identifier",
                      "names": [
                        {
                          "node": "main",
                          "filename": "config_expr-03.k",
                          "line": 4,
                          "column": 4,
                          "end_line": 4,
                          "end_column": 8
                        }
                      ],
                      "pkgpath": "",
                      "ctx": "Load"
                    },
                    "filename": "config_expr-03.k",
                    "line": 4,
                    "column": 4,
                    "end_line": 4,
                    "end_column": 8
                  },
                  "value": {
                    "node": {
                      "type": "Config",
                      "items": [
                        {
                          "node": {
                            "key": {
                              "node": {
                                "type": "Identifier",
                                "names": [
                                  {
                                    "node": "env",
                                    "filename": "config_expr-03.k",
                                    "line": 5,
                                    "column": 8,
                                    "end_line": 5,
                                    "end_column": 11
                                  }
                                ],
                                "pkgpath": "",
                                "ctx": "Load"
                              },
                              "filename": "config_expr-03.k",
                              "line": 5,
                              "column": 8,
                              "end_line": 5,
                              "end_column": 11
                            },
                            "value": {
                              "node": {
                                "type": "List",
                                "elts": [
                                  {
                                    "node": {
                                      "type": "Config",
                                      "items": [
                                        {
                                          "node": {
                                            "key": {
                                              "node": {
                                                "type": "Identifier",
                                                "names": [
                                                  {
                                                    "node": "name",
                                                    "filename": "config_expr-03.k",
                                                    "line": 6,
                                                    "column": 13,
                                                    "end_line": 6,
                                                    "end_column": 17
                                                  }
                                                ],
                                                "pkgpath": "",
                                                "ctx": "Load"
                                              },
                                              "filename": "config_expr-03.k",
                                              "line": 6,
                                              "column": 13,
                                              "end_line": 6,
                                              "end_column": 17
                                            },
                                            "value": {
                                              "node": {
                                                "type": "StringLit",
                                                "is_long_string": false,
                                                "raw_value": "\"ENV_1\"",
                                                "value": "ENV_1"
                                              },
                                              "filename": "config_expr-03.k",
                                              "line": 6,
                                              "column": 19,
                                              "end_line": 6,
                                              "end_column": 26
                                            },
                                            "operation": "Union",
                                            "insert_index": -1
                                          },
                                          "filename": "config_expr-03.k",
                                          "line": 6,
                                          "column": 13,
                                          "end_line": 6,
                                          "end_column": 26
                                        },
                                        {
                                          "node": {
                                            "key": {
                                              "node": {
                                                "type": "Identifier",
                                                "names": [
                                                  {
                                                    "node": "value",
                                                    "filename": "config_expr-03.k",
                                                    "line": 6,
                                                    "column": 28,
                                                    "end_line": 6,
                                                    "end_column": 33
                                                  }
                                                ],
                                                "pkgpath": "",
                                                "ctx": "Load"
                                              },
                                              "filename": "config_expr-03.k",
                                              "line": 6,
                                              "column": 28,
                                              "end_line": 6,
                                              "end_column": 33
                                            },
                                            "value": {
                                              "node": {
                                                "type": "StringLit",
                                                "is_long_string": false,
                                                "raw_value": "\"1\"",
                                                "value": "1"
                                              },
                                              "filename": "config_expr-03.k",
                                              "line": 6,
                                              "column": 35,
                                              "end_line": 6,
                                              "end_column": 38
                                            },
                                            "operation": "Union",
                                            "insert_index": -1
                                          },
                                          "filename": "config_expr-03.k",
                                          "line": 6,
                                          "column": 28,
                                          "end_line": 6,
                                          "end_column": 38
                                        }
                                      ]
                                    },
                                    "filename": "config_expr-03.k",
                                    "line": 6,
                                    "column": 12,
                                    "end_line": 6,
                                    "end_column": 39
                                  }
                                ],
                                "ctx": "Load"
                              },
                              "filename": "config_expr-03.k",
                              "line": 5,
                              "column": 13,
                              "end_line": 7,
                              "end_column": 9
                            },
                            "operation": "Union",
                            "insert_index": -1
                          },
                          "filename": "config_expr-03.k",
                          "line": 5,
                          "column": 8,
                          "end_line": 7,
                          "end_column": 9
                        }
                      ]
                    },
                    "filename": "config_expr-03.k",
                    "line": 4,
                    "column": 10,
                    "end_line": 8,
                    "end_column": 5
                  },
                  "operation": "Union",
                  "insert_index": -1
                },
                "filename": "config_expr-03.k",
                "line": 4,
                "column": 4,
                "end_line": 8,
                "end_column": 5
              },
              {
                "node": {
                  "key": {
                    "node": {
                      "type": "Identifier",
                      "names": [
                        {
                          "node": "main",
                          "filename": "config_expr-03.k",
                          "line": 9,
                          "column": 4,
                          "end_line": 9,
                          "end_column": 8
                        }
                      ],
                      "pkgpath": "",
                      "ctx": "Load"
                    },
                    "filename": "config_expr-03.k",
                    "line": 9,
                    "column": 4,
                    "end_line": 9,
                    "end_column": 8
                  },
                  "value": {
                    "node": {
                      "type": "Config",
                      "items": [
                        {
                          "node": {
                            "key": {
                              "node": {
                                "type": "Identifier",
                                "names": [
                                  {
                                    "node": "env",
                                    "filename": "config_expr-03.k",
                                    "line": 10,
                                    "column": 8,
                                    "end_line": 10,
                                    "end_column": 11
                                  }
                                ],
                                "pkgpath": "",
                                "ctx": "Load"
                              },
                              "filename": "config_expr-03.k",
                              "line": 10,
                              "column": 8,
                              "end_line": 10,
                              "end_column": 11
                            },
                            "value": {
                              "node": {
                                "type": "List",
                                "elts": [
                                  {
                                    "node": {
                                      "type": "Config",
                                      "items": [
                                        {
                                          "node": {
                                            "key": {
                                              "node": {
                                                "type": "Identifier",
                                                "names": [
                                                  {
                                                    "node": "name",
                                                    "filename": "config_expr-03.k",
                                                    "line": 11,
                                                    "column": 13,
                                                    "end_line": 11,
                                                    "end_column": 17
                                                  }
                                                ],
                                                "pkgpath": "",
                                                "ctx": "Load"
                                              },
                                              "filename": "config_expr-03.k",
                                              "line": 11,
                                              "column": 13,
                                              "end_line": 11,
                                              "end_column": 17
                                            },
                                            "value": {
                                              "node": {
                                                "type": "StringLit",
                                                "is_long_string": false,
                                                "raw_value": "\"ENV_2\"",
                                                "value": "ENV_2"
                                              },
                                              "filename": "config_expr-03.k",
                                              "line": 11,
                                              "column": 19,
                                              "end_line": 11,
                                              "end_column": 26
                                            },
                                            "operation": "Union",
                                            "insert_index": -1
                                          },
                                          "filename": "config_expr-03.k",
                                          "line": 11,
                                          "column": 13,
                                          "end_line": 11,
                                          "end_column": 26
                                        },
                                        {
                                          "node": {
                                            "key": {
                                              "node": {
                                                "type": "Identifier",
                                                "names": [
                                                  {
                                                    "node": "value",
                                                    "filename": "config_expr-03.k",
                                                    "line": 11,
                                                    "column": 28,
                                                    "end_line": 11,
                                                    "end_column": 33
                                                  }
                                                ],
                                                "pkgpath": "",
                                                "ctx": "Load"
                                              },
                                              "filename": "config_expr-03.k",
                                              "line": 11,
                                              "column": 28,
                                              "end_line": 11,
                                              "end_column": 33
                                            },
                                            "value": {
                                              "node": {
                                                "type": "StringLit",
                                                "is_long_string": false,
                                                "raw_value": "\"2\"",
                                                "value": "2"
                                              },
                                              "filename": "config_expr-03.k",
                                              "line": 11,
                                              "column": 35,
                                              "end_line": 11,
                                              "end_column": 38
                                            },
                                            "operation": "Union",
                                            "insert_index": -1
                                          },
                                          "filename": "config_expr-03.k",
                                          "line": 11,
                                          "column": 28,
                                          "end_line": 11,
                                          "end_column": 38
                                        }
                                      ]
                                    },
                                    "filename": "config_expr-03.k",
                                    "line": 11,
                                    "column": 12,
                                    "end_line": 11,
                                    "end_column": 39
                                  }
                                ],
                                "ctx": "Load"
                              },
                              "filename": "config_expr-03.k",
                              "line": 10,
                              "column": 15,
                              "end_line": 12,
                              "end_column": 9
                            },
                            "operation": "Insert",
                            "insert_index": -1
                          },
                          "filename": "config_expr-03.k",
                          "line": 10,
                          "column": 8,
                          "end_line": 12,
                          "end_column": 9
                        }
                      ]
                    },
                    "filename": "config_expr-03.k",
                    "line": 9,
                    "column": 10,
                    "end_line": 13,
                    "end_column": 5
                  },
                  "operation": "Union",
                  "insert_index": -1
                },
                "filename": "config_expr-03.k",
                "line": 9,
                "column": 4,
                "end_line": 13,
                "end_column": 5
              }
            ]
          },
          "filename": "config_expr-03.k",
          "line": 3,
          "column": 9,
          "end_line": 14,
          "end_column": 1
        },
        "ty": null
      },
      "filename": "config_expr-03.k",
      "line": 3,
      "column": 0,
      "end_line": 14,
      "end_column": 1
    }
  ],
  "comments": [
    {
      "node": {
        "text": "# test/grammar/attr_operator/config_inside/insert/dict_0/main.k"
      },
      "filename": "config_expr-03.k",
      "line": 1,
      "column": 0,
      "end_line": 1,
      "end_column": 63
    }
  ]
}
