---
source: parser/src/tests/expr.rs
expression: "crate::tests::parsing_expr_string(r####\"100 + a > a > 0\"####)"
---
Node {
    node: Compare(
        Compare {
            left: Node {
                node: Binary(
                    BinaryExpr {
                        left: Node {
                            node: NumberLit(
                                NumberLit {
                                    binary_suffix: None,
                                    value: Int(
                                        100,
                                    ),
                                },
                            ),
                            filename: "",
                            line: 1,
                            column: 0,
                            end_line: 1,
                            end_column: 3,
                        },
                        op: Add,
                        right: Node {
                            node: Identifier(
                                Identifier {
                                    names: [
                                        Node {
                                            node: "a",
                                            filename: "",
                                            line: 1,
                                            column: 6,
                                            end_line: 1,
                                            end_column: 7,
                                        },
                                    ],
                                    pkgpath: "",
                                    ctx: Load,
                                },
                            ),
                            filename: "",
                            line: 1,
                            column: 6,
                            end_line: 1,
                            end_column: 7,
                        },
                    },
                ),
                filename: "",
                line: 1,
                column: 0,
                end_line: 1,
                end_column: 7,
            },
            ops: [
                Gt,
                Gt,
            ],
            comparators: [
                Node {
                    node: Identifier(
                        Identifier {
                            names: [
                                Node {
                                    node: "a",
                                    filename: "",
                                    line: 1,
                                    column: 10,
                                    end_line: 1,
                                    end_column: 11,
                                },
                            ],
                            pkgpath: "",
                            ctx: Load,
                        },
                    ),
                    filename: "",
                    line: 1,
                    column: 10,
                    end_line: 1,
                    end_column: 11,
                },
                Node {
                    node: NumberLit(
                        NumberLit {
                            binary_suffix: None,
                            value: Int(
                                0,
                            ),
                        },
                    ),
                    filename: "",
                    line: 1,
                    column: 14,
                    end_line: 1,
                    end_column: 15,
                },
            ],
        },
    ),
    filename: "",
    line: 1,
    column: 0,
    end_line: 1,
    end_column: 15,
}

