---
source: parser/src/tests/expr.rs
expression: "crate::tests::parsing_expr_string(r####\"{a=2}}\"####)"
---
Node {
    node: Config(
        ConfigExpr {
            items: [
                Node {
                    node: ConfigEntry {
                        key: Some(
                            Node {
                                node: Identifier(
                                    Identifier {
                                        names: [
                                            Node {
                                                node: "a",
                                                filename: "",
                                                line: 1,
                                                column: 1,
                                                end_line: 1,
                                                end_column: 2,
                                            },
                                        ],
                                        pkgpath: "",
                                        ctx: Load,
                                    },
                                ),
                                filename: "",
                                line: 1,
                                column: 1,
                                end_line: 1,
                                end_column: 2,
                            },
                        ),
                        value: Node {
                            node: NumberLit(
                                NumberLit {
                                    binary_suffix: None,
                                    value: Int(
                                        2,
                                    ),
                                },
                            ),
                            filename: "",
                            line: 1,
                            column: 3,
                            end_line: 1,
                            end_column: 4,
                        },
                        operation: Override,
                        insert_index: -1,
                    },
                    filename: "",
                    line: 1,
                    column: 1,
                    end_line: 1,
                    end_column: 4,
                },
            ],
        },
    ),
    filename: "",
    line: 1,
    column: 0,
    end_line: 1,
    end_column: 5,
}

