---
source: parser/src/tests/error_recovery.rs
expression: "crate::tests::parsing_expr_string(r#\"a?.\"#)"
---
Node {
    node: Selector(
        SelectorExpr {
            value: Node {
                node: Identifier(
                    Identifier {
                        names: [
                            Node {
                                node: "a",
                                filename: "",
                                line: 1,
                                column: 0,
                                end_line: 1,
                                end_column: 1,
                            },
                        ],
                        pkgpath: "",
                        ctx: Load,
                    },
                ),
                filename: "",
                line: 1,
                column: 0,
                end_line: 1,
                end_column: 1,
            },
            attr: Node {
                node: Identifier {
                    names: [
                        Node {
                            node: "",
                            filename: "",
                            line: 1,
                            column: 3,
                            end_line: 1,
                            end_column: 3,
                        },
                    ],
                    pkgpath: "",
                    ctx: Load,
                },
                filename: "",
                line: 1,
                column: 3,
                end_line: 1,
                end_column: 3,
            },
            ctx: Load,
            has_question: true,
        },
    ),
    filename: "",
    line: 1,
    column: 0,
    end_line: 1,
    end_column: 3,
}

