---
source: parser/src/tests/error_recovery.rs
assertion_line: 159
expression: "crate::tests::parsing_expr_string(r#\"'a\\nb${a: #json}\\n'\"#)"
---
Node {
    node: JoinedString(
        JoinedString {
            is_long_string: false,
            values: [
                Node {
                    node: StringLit(
                        StringLit {
                            is_long_string: false,
                            raw_value: "a\nb",
                            value: "a\nb",
                        },
                    ),
                    filename: "",
                    line: 1,
                    column: 1,
                    end_line: 1,
                    end_column: 1,
                },
                Node {
                    node: FormattedValue(
                        FormattedValue {
                            is_long_string: false,
                            value: Node {
                                node: Identifier(
                                    Identifier {
                                        names: [
                                            Node {
                                                node: "a",
                                                filename: "",
                                                line: 1,
                                                column: 6,
                                                end_line: 1,
                                                end_column: 7,
                                            },
                                        ],
                                        pkgpath: "",
                                        ctx: Load,
                                    },
                                ),
                                filename: "",
                                line: 1,
                                column: 6,
                                end_line: 1,
                                end_column: 7,
                            },
                            format_spec: Some(
                                "#json",
                            ),
                        },
                    ),
                    filename: "",
                    line: 1,
                    column: 6,
                    end_line: 1,
                    end_column: 14,
                },
                Node {
                    node: StringLit(
                        StringLit {
                            is_long_string: false,
                            raw_value: "\n",
                            value: "\n",
                        },
                    ),
                    filename: "",
                    line: 1,
                    column: 1,
                    end_line: 1,
                    end_column: 1,
                },
            ],
            raw_value: "'a\\nb${a: #json}\\n'",
        },
    ),
    filename: "",
    line: 1,
    column: 0,
    end_line: 1,
    end_column: 19,
}

