---
source: parser/src/tests/error_recovery.rs
expression: "crate::tests::parsing_expr_string(\"{a = 1,, b = 2}\")"
---
Node {
    node: Config(
        ConfigExpr {
            items: [
                Node {
                    node: ConfigEntry {
                        key: Some(
                            Node {
                                node: Identifier(
                                    Identifier {
                                        names: [
                                            Node {
                                                node: "a",
                                                filename: "",
                                                line: 1,
                                                column: 1,
                                                end_line: 1,
                                                end_column: 2,
                                            },
                                        ],
                                        pkgpath: "",
                                        ctx: Load,
                                    },
                                ),
                                filename: "",
                                line: 1,
                                column: 1,
                                end_line: 1,
                                end_column: 2,
                            },
                        ),
                        value: Node {
                            node: NumberLit(
                                NumberLit {
                                    binary_suffix: None,
                                    value: Int(
                                        1,
                                    ),
                                },
                            ),
                            filename: "",
                            line: 1,
                            column: 5,
                            end_line: 1,
                            end_column: 6,
                        },
                        operation: Override,
                        insert_index: -1,
                    },
                    filename: "",
                    line: 1,
                    column: 1,
                    end_line: 1,
                    end_column: 6,
                },
                Node {
                    node: ConfigEntry {
                        key: Some(
                            Node {
                                node: Missing(
                                    MissingExpr,
                                ),
                                filename: "",
                                line: 1,
                                column: 7,
                                end_line: 1,
                                end_column: 8,
                            },
                        ),
                        value: Node {
                            node: Identifier(
                                Identifier {
                                    names: [
                                        Node {
                                            node: "b",
                                            filename: "",
                                            line: 1,
                                            column: 9,
                                            end_line: 1,
                                            end_column: 10,
                                        },
                                    ],
                                    pkgpath: "",
                                    ctx: Load,
                                },
                            ),
                            filename: "",
                            line: 1,
                            column: 9,
                            end_line: 1,
                            end_column: 10,
                        },
                        operation: Override,
                        insert_index: -1,
                    },
                    filename: "",
                    line: 1,
                    column: 7,
                    end_line: 1,
                    end_column: 10,
                },
                Node {
                    node: ConfigEntry {
                        key: Some(
                            Node {
                                node: Missing(
                                    MissingExpr,
                                ),
                                filename: "",
                                line: 1,
                                column: 11,
                                end_line: 1,
                                end_column: 12,
                            },
                        ),
                        value: Node {
                            node: NumberLit(
                                NumberLit {
                                    binary_suffix: None,
                                    value: Int(
                                        2,
                                    ),
                                },
                            ),
                            filename: "",
                            line: 1,
                            column: 13,
                            end_line: 1,
                            end_column: 14,
                        },
                        operation: Override,
                        insert_index: -1,
                    },
                    filename: "",
                    line: 1,
                    column: 11,
                    end_line: 1,
                    end_column: 14,
                },
            ],
        },
    ),
    filename: "",
    line: 1,
    column: 0,
    end_line: 1,
    end_column: 15,
}

