yamlStrList:
- |-
  key1: value2
  ---
  key2: [1, 2, 3]
- |-
  - 1
  - 2
  - 3
  ---
  key: value
- |-
  1
  ---
  2
- |-
  1.1
  ---
  null
  ---
  true
  ---
  false
data:
- - key1: value2
  - key2:
    - 1
    - 2
    - 3
- - - 1
    - 2
    - 3
  - key: value
- - 1
  - 2
- - 1.1
  - null
  - true
  - false
