---
source: crates/parser/src/tests/expr.rs
expression: "$crate :: tests :: parsing_expr_string(r####\"{ name, age }\"####)"
---
Node {
    node: Config(
        ConfigExpr {
            items: [
                Node {
                    node: ConfigEntry {
                        key: Some(
                            Node {
                                node: Identifier(
                                    Identifier {
                                        names: [
                                            Node {
                                                node: "name",
                                                filename: "",
                                                line: 1,
                                                column: 2,
                                                end_line: 1,
                                                end_column: 6,
                                            },
                                        ],
                                        pkgpath: "",
                                        ctx: Load,
                                    },
                                ),
                                filename: "",
                                line: 1,
                                column: 2,
                                end_line: 1,
                                end_column: 6,
                            },
                        ),
                        value: Node {
                            node: Identifier(
                                Identifier {
                                    names: [
                                        Node {
                                            node: "name",
                                            filename: "",
                                            line: 1,
                                            column: 2,
                                            end_line: 1,
                                            end_column: 6,
                                        },
                                    ],
                                    pkgpath: "",
                                    ctx: Load,
                                },
                            ),
                            filename: "",
                            line: 1,
                            column: 2,
                            end_line: 1,
                            end_column: 6,
                        },
                        operation: Override,
                        is_shorthand: true,
                    },
                    filename: "",
                    line: 1,
                    column: 2,
                    end_line: 1,
                    end_column: 6,
                },
                Node {
                    node: ConfigEntry {
                        key: Some(
                            Node {
                                node: Identifier(
                                    Identifier {
                                        names: [
                                            Node {
                                                node: "age",
                                                filename: "",
                                                line: 1,
                                                column: 8,
                                                end_line: 1,
                                                end_column: 11,
                                            },
                                        ],
                                        pkgpath: "",
                                        ctx: Load,
                                    },
                                ),
                                filename: "",
                                line: 1,
                                column: 8,
                                end_line: 1,
                                end_column: 11,
                            },
                        ),
                        value: Node {
                            node: Identifier(
                                Identifier {
                                    names: [
                                        Node {
                                            node: "age",
                                            filename: "",
                                            line: 1,
                                            column: 8,
                                            end_line: 1,
                                            end_column: 11,
                                        },
                                    ],
                                    pkgpath: "",
                                    ctx: Load,
                                },
                            ),
                            filename: "",
                            line: 1,
                            column: 8,
                            end_line: 1,
                            end_column: 11,
                        },
                        operation: Override,
                        is_shorthand: true,
                    },
                    filename: "",
                    line: 1,
                    column: 8,
                    end_line: 1,
                    end_column: 11,
                },
            ],
        },
    ),
    filename: "",
    line: 1,
    column: 0,
    end_line: 1,
    end_column: 13,
}
