---
source: parser/src/tests/expr.rs
expression: "crate::tests::parsing_expr_string(r####\"x == a or b\"####)"
---
Node {
    node: Binary(
        BinaryExpr {
            left: Node {
                node: Compare(
                    Compare {
                        left: Node {
                            node: Identifier(
                                Identifier {
                                    names: [
                                        Node {
                                            node: "x",
                                            filename: "",
                                            line: 1,
                                            column: 0,
                                            end_line: 1,
                                            end_column: 1,
                                        },
                                    ],
                                    pkgpath: "",
                                    ctx: Load,
                                },
                            ),
                            filename: "",
                            line: 1,
                            column: 0,
                            end_line: 1,
                            end_column: 1,
                        },
                        ops: [
                            Eq,
                        ],
                        comparators: [
                            Node {
                                node: Identifier(
                                    Identifier {
                                        names: [
                                            Node {
                                                node: "a",
                                                filename: "",
                                                line: 1,
                                                column: 5,
                                                end_line: 1,
                                                end_column: 6,
                                            },
                                        ],
                                        pkgpath: "",
                                        ctx: Load,
                                    },
                                ),
                                filename: "",
                                line: 1,
                                column: 5,
                                end_line: 1,
                                end_column: 6,
                            },
                        ],
                    },
                ),
                filename: "",
                line: 1,
                column: 0,
                end_line: 1,
                end_column: 11,
            },
            op: Or,
            right: Node {
                node: Identifier(
                    Identifier {
                        names: [
                            Node {
                                node: "b",
                                filename: "",
                                line: 1,
                                column: 10,
                                end_line: 1,
                                end_column: 11,
                            },
                        ],
                        pkgpath: "",
                        ctx: Load,
                    },
                ),
                filename: "",
                line: 1,
                column: 10,
                end_line: 1,
                end_column: 11,
            },
        },
    ),
    filename: "",
    line: 1,
    column: 0,
    end_line: 1,
    end_column: 11,
}

