---
source: loader/src/tests.rs
expression: "format!(\"{:#?}\", options)"
---
[
    OptionHelp {
        name: "key1",
        ty: "str",
        required: true,
        default_value: "",
        help: "",
    },
    OptionHelp {
        name: "key2",
        ty: "int",
        required: false,
        default_value: "",
        help: "",
    },
]
