---
source: loader/src/tests.rs
assertion_line: 37
expression: "format!(\"{:#?}\", p.symbols.values())"
---
[
    SymbolInfo {
        ty: Type {
            kind: Function(
                FunctionType {
                    doc: "Prints the values to a stream, or to the system stdout by default.\nOptional keyword arguments:\nsep:   string inserted between values, default a space.\nend:   string appended after the last value, default a newline.",
                    params: [],
                    self_ty: None,
                    return_ty: Type {
                        kind: None,
                        is_type_alias: false,
                        flags: NONE,
                    },
                    is_variadic: true,
                    kw_only_index: None,
                },
            ),
            is_type_alias: false,
            flags: FUNCTION,
        },
        name: "print",
        range: (
            Position {
                filename: "test.k",
                line: 1,
                column: Some(
                    0,
                ),
            },
            Position {
                filename: "test.k",
                line: 1,
                column: Some(
                    5,
                ),
            },
        ),
        owner: None,
        def: Some(
            SymbolRef {
                id: Index {
                    index: 1,
                    generation: 0,
                },
                kind: Function,
            },
        ),
        attrs: [],
        is_global: false,
    },
    SymbolInfo {
        ty: Type {
            kind: None,
            is_type_alias: false,
            flags: NONE,
        },
        name: "@CallExpression",
        range: (
            Position {
                filename: "test.k",
                line: 1,
                column: Some(
                    20,
                ),
            },
            Position {
                filename: "test.k",
                line: 1,
                column: Some(
                    20,
                ),
            },
        ),
        owner: None,
        def: Some(
            SymbolRef {
                id: Index {
                    index: 0,
                    generation: 0,
                },
                kind: Expression,
            },
        ),
        attrs: [],
        is_global: false,
    },
]
